// Jest Snapshot v1, https://goo.gl/fbAQLP

exports[`should render ExpenseList with expenses correctly 1`] = `
<div>
  <div>
    <h1>
      Expense List
    </h1>
    <ExpenseListItem
      amount="5000"
      createdAt={0}
      description="Nasi Goreng"
      id="1"
      key="1"
      note="My lunch"
    />
    <ExpenseListItem
      amount="5500"
      createdAt={-345600000}
      description="Beef Fried Rice"
      id="2"
      key="2"
      note="My lunch"
    />
    <ExpenseListItem
      amount="1600"
      createdAt={345600000}
      description="Kopi Peng"
      id="3"
      key="3"
      note="Drinks"
    />
  </div>
</div>
`;

exports[`should render ExpenseList without expenses correctly 1`] = `
<div>
  <h1>
    No Expenses
  </h1>
</div>
`;
