// Jest Snapshot v1, https://goo.gl/fbAQLP

exports[`should render ExpenseListItem with expenses correctly 1`] = `
<div>
  <Link
    to="/edit/3"
  >
    <h3>
      Kopi Peng
    </h3>
  </Link>
  <p>
    1600
     - 
    345600000
  </p>
</div>
`;
